[
    {},
    {},
    "Guanguans\\LaravelApiResponse\\ExceptionPipes\\AuthenticationExceptionPipe",
    "Guanguans\\LaravelApiResponse\\ExceptionPipes\\HttpExceptionPipe",
    "Guanguans\\LaravelApiResponse\\ExceptionPipes\\ValidationExceptionPipe",
    {},
    {},
    "Guanguans\\LaravelApiResponse\\ExceptionPipes\\SetMessageExceptionPipe:Whoops! looks like something went wrong.",
    {},
    {},
    {}
]